Information: Propagating switching activity (low effort zero delay simulation). (PWR-6)
Warning: Design has unannotated primary inputs. (PWR-414)
Warning: Design has unannotated sequential cell outputs. (PWR-415)
 
****************************************
Report : power
        -analysis_effort low
Design : s1238
Version: M-2016.12-SP1
Date   : Thu Feb  7 18:43:05 2019
****************************************


Library(s) Used:

    saed32rvt_ss0p95v25c (File: /mnt/class_data/ecec574-w2019/PDKs/SAED32nm/lib/stdcell_rvt/db_ccs/saed32rvt_ss0p95v25c.db)


Operating Conditions: ss0p95v25c   Library: saed32rvt_ss0p95v25c
Wire Load Model Mode: enclosed

Design        Wire Load Model            Library
------------------------------------------------
s1238                  8000              saed32rvt_ss0p95v25c
dff_0                  ForQA             saed32rvt_ss0p95v25c
dff_1                  ForQA             saed32rvt_ss0p95v25c
dff_2                  ForQA             saed32rvt_ss0p95v25c
dff_3                  ForQA             saed32rvt_ss0p95v25c
dff_4                  ForQA             saed32rvt_ss0p95v25c
dff_5                  ForQA             saed32rvt_ss0p95v25c
dff_6                  ForQA             saed32rvt_ss0p95v25c
dff_7                  ForQA             saed32rvt_ss0p95v25c
dff_8                  ForQA             saed32rvt_ss0p95v25c
dff_9                  ForQA             saed32rvt_ss0p95v25c
dff_10                 ForQA             saed32rvt_ss0p95v25c
dff_11                 ForQA             saed32rvt_ss0p95v25c
dff_12                 ForQA             saed32rvt_ss0p95v25c
dff_13                 ForQA             saed32rvt_ss0p95v25c
dff_14                 ForQA             saed32rvt_ss0p95v25c
dff_15                 ForQA             saed32rvt_ss0p95v25c
dff_16                 ForQA             saed32rvt_ss0p95v25c
dff_17                 ForQA             saed32rvt_ss0p95v25c


Global Operating Voltage = 0.95 
Power-specific unit information :
    Voltage Units = 1V
    Capacitance Units = 1.000000ff
    Time Units = 1ns
    Dynamic Power Units = 1uW    (derived from V,C,T units)
    Leakage Power Units = 1pW


  Cell Internal Power  =   0.0000 uW    (0%)
  Net Switching Power  =   1.3478 uW  (100%)
                         ---------
Total Dynamic Power    =   1.3478 uW  (100%)

Cell Leakage Power     =  26.9866 uW


                 Internal         Switching           Leakage            Total
Power Group      Power            Power               Power              Power   (   %    )  Attrs
--------------------------------------------------------------------------------------------------
io_pad             0.0000            0.0000            0.0000            0.0000  (   0.00%)
memory             0.0000            0.0000            0.0000            0.0000  (   0.00%)
black_box          0.0000            0.0000            0.0000            0.0000  (   0.00%)
clock_network      0.0000            0.0000            0.0000            0.0000  (   0.00%)
register           0.0000        7.0698e-02        2.5348e+06            2.6055  (   9.20%)
sequential         0.0000            0.0000            0.0000            0.0000  (   0.00%)
combinational      0.0000            1.2771        2.4452e+07           25.7289  (  90.80%)
--------------------------------------------------------------------------------------------------
Total              0.0000 uW         1.3478 uW     2.6987e+07 pW        28.3344 uW
1
