 
****************************************
check_design summary:
Version:     M-2016.12-SP1
Date:        Thu Feb  7 19:10:47 2019
****************************************

                   Name                                            Total
--------------------------------------------------------------------------------
Inputs/Outputs                                                     77
    Unconnected ports (LINT-28)                                     2
    Feedthrough (LINT-29)                                          67
    Shorted outputs (LINT-31)                                       8
--------------------------------------------------------------------------------

Warning: In design 's15850', port 'GND' is not connected to any nets. (LINT-28)
Warning: In design 's15850', port 'VDD' is not connected to any nets. (LINT-28)
Warning: In design 's15850', input port 'g100' is connected directly to output port 'g6280'. (LINT-29)
Warning: In design 's15850', input port 'g101' is connected directly to output port 'g6281'. (LINT-29)
Warning: In design 's15850', input port 'g102' is connected directly to output port 'g6282'. (LINT-29)
Warning: In design 's15850', input port 'g103' is connected directly to output port 'g6283'. (LINT-29)
Warning: In design 's15850', input port 'g104' is connected directly to output port 'g6284'. (LINT-29)
Warning: In design 's15850', input port 'g1170' is connected directly to output port 'g4205'. (LINT-29)
Warning: In design 's15850', input port 'g1173' is connected directly to output port 'g4209'. (LINT-29)
Warning: In design 's15850', input port 'g1176' is connected directly to output port 'g4210'. (LINT-29)
Warning: In design 's15850', input port 'g1179' is connected directly to output port 'g4211'. (LINT-29)
Warning: In design 's15850', input port 'g1182' is connected directly to output port 'g4212'. (LINT-29)
Warning: In design 's15850', input port 'g1185' is connected directly to output port 'g4213'. (LINT-29)
Warning: In design 's15850', input port 'g1188' is connected directly to output port 'g4214'. (LINT-29)
Warning: In design 's15850', input port 'g1191' is connected directly to output port 'g4215'. (LINT-29)
Warning: In design 's15850', input port 'g1194' is connected directly to output port 'g4216'. (LINT-29)
Warning: In design 's15850', input port 'g1197' is connected directly to output port 'g4206'. (LINT-29)
Warning: In design 's15850', input port 'g1200' is connected directly to output port 'g4207'. (LINT-29)
Warning: In design 's15850', input port 'g1203' is connected directly to output port 'g4208'. (LINT-29)
Warning: In design 's15850', input port 'g18' is connected directly to output port 'g2355'. (LINT-29)
Warning: In design 's15850', input port 'g1960' is connected directly to output port 'g4888'. (LINT-29)
Warning: In design 's15850', input port 'g1961' is connected directly to output port 'g4887'. (LINT-29)
Warning: In design 's15850', input port 'g27' is connected directly to output port 'g7744'. (LINT-29)
Warning: In design 's15850', input port 'g28' is connected directly to output port 'g6285'. (LINT-29)
Warning: In design 's15850', input port 'g29' is connected directly to output port 'g6253'. (LINT-29)
Warning: In design 's15850', input port 'g30' is connected directly to output port 'g6254'. (LINT-29)
Warning: In design 's15850', input port 'g31' is connected directly to output port 'g6255'. (LINT-29)
Warning: In design 's15850', input port 'g41' is connected directly to output port 'g6256'. (LINT-29)
Warning: In design 's15850', input port 'g42' is connected directly to output port 'g6257'. (LINT-29)
Warning: In design 's15850', input port 'g43' is connected directly to output port 'g6258'. (LINT-29)
Warning: In design 's15850', input port 'g44' is connected directly to output port 'g6259'. (LINT-29)
Warning: In design 's15850', input port 'g45' is connected directly to output port 'g6260'. (LINT-29)
Warning: In design 's15850', input port 'g46' is connected directly to output port 'g6261'. (LINT-29)
Warning: In design 's15850', input port 'g47' is connected directly to output port 'g6262'. (LINT-29)
Warning: In design 's15850', input port 'g48' is connected directly to output port 'g6263'. (LINT-29)
Warning: In design 's15850', input port 'g82' is connected directly to output port 'g6264'. (LINT-29)
Warning: In design 's15850', input port 'g83' is connected directly to output port 'g6265'. (LINT-29)
Warning: In design 's15850', input port 'g84' is connected directly to output port 'g6266'. (LINT-29)
Warning: In design 's15850', input port 'g85' is connected directly to output port 'g6267'. (LINT-29)
Warning: In design 's15850', input port 'g86' is connected directly to output port 'g6268'. (LINT-29)
Warning: In design 's15850', input port 'g87' is connected directly to output port 'g6269'. (LINT-29)
Warning: In design 's15850', input port 'g872' is connected directly to output port 'g8061'. (LINT-29)
Warning: In design 's15850', input port 'g872' is connected directly to output port 'g5101'. (LINT-29)
Warning: In design 's15850', input port 'g873' is connected directly to output port 'g8062'. (LINT-29)
Warning: In design 's15850', input port 'g873' is connected directly to output port 'g5105'. (LINT-29)
Warning: In design 's15850', input port 'g88' is connected directly to output port 'g6270'. (LINT-29)
Warning: In design 's15850', input port 'g886' is connected directly to output port 'g4191'. (LINT-29)
Warning: In design 's15850', input port 'g889' is connected directly to output port 'g4192'. (LINT-29)
Warning: In design 's15850', input port 'g89' is connected directly to output port 'g6271'. (LINT-29)
Warning: In design 's15850', input port 'g892' is connected directly to output port 'g4193'. (LINT-29)
Warning: In design 's15850', input port 'g895' is connected directly to output port 'g4194'. (LINT-29)
Warning: In design 's15850', input port 'g898' is connected directly to output port 'g4195'. (LINT-29)
Warning: In design 's15850', input port 'g90' is connected directly to output port 'g6272'. (LINT-29)
Warning: In design 's15850', input port 'g901' is connected directly to output port 'g4197'. (LINT-29)
Warning: In design 's15850', input port 'g904' is connected directly to output port 'g4198'. (LINT-29)
Warning: In design 's15850', input port 'g907' is connected directly to output port 'g4199'. (LINT-29)
Warning: In design 's15850', input port 'g91' is connected directly to output port 'g6273'. (LINT-29)
Warning: In design 's15850', input port 'g910' is connected directly to output port 'g4200'. (LINT-29)
Warning: In design 's15850', input port 'g913' is connected directly to output port 'g4201'. (LINT-29)
Warning: In design 's15850', input port 'g916' is connected directly to output port 'g4202'. (LINT-29)
Warning: In design 's15850', input port 'g919' is connected directly to output port 'g4203'. (LINT-29)
Warning: In design 's15850', input port 'g92' is connected directly to output port 'g6274'. (LINT-29)
Warning: In design 's15850', input port 'g922' is connected directly to output port 'g4204'. (LINT-29)
Warning: In design 's15850', input port 'g925' is connected directly to output port 'g4196'. (LINT-29)
Warning: In design 's15850', input port 'g93' is connected directly to output port 'g6275'. (LINT-29)
Warning: In design 's15850', input port 'g94' is connected directly to output port 'g6276'. (LINT-29)
Warning: In design 's15850', input port 'g95' is connected directly to output port 'g6277'. (LINT-29)
Warning: In design 's15850', input port 'g96' is connected directly to output port 'g6278'. (LINT-29)
Warning: In design 's15850', input port 'g99' is connected directly to output port 'g6279'. (LINT-29)
Warning: In design 's15850', output port 'g5101' is connected directly to output port 'g8061'. (LINT-31)
Warning: In design 's15850', output port 'g5105' is connected directly to output port 'g8062'. (LINT-31)
Warning: In design 's15850', output port 'g6920' is connected directly to output port 'g8561'. (LINT-31)
Warning: In design 's15850', output port 'g6926' is connected directly to output port 'g8562'. (LINT-31)
Warning: In design 's15850', output port 'g6932' is connected directly to output port 'g8563'. (LINT-31)
Warning: In design 's15850', output port 'g6942' is connected directly to output port 'g8564'. (LINT-31)
Warning: In design 's15850', output port 'g6949' is connected directly to output port 'g8565'. (LINT-31)
Warning: In design 's15850', output port 'g6955' is connected directly to output port 'g8566'. (LINT-31)
1
