 
****************************************
Report : cell
Design : s386
Version: M-2016.12-SP1
Date   : Fri Feb  8 15:19:00 2019
****************************************

Attributes:
    b - black box (unknown)
    h - hierarchical
    n - noncombinational
    r - removable
    u - contains unmapped logic

Cell                      Reference       Library             Area  Attributes
--------------------------------------------------------------------------------
DFF_0                     dff_0                           6.607744  h, n
DFF_1                     dff_5                           6.607744  h, n
DFF_2                     dff_4                           6.607744  h, n
DFF_3                     dff_3                           6.607744  h, n
DFF_4                     dff_2                           6.607744  h, n
DFF_5                     dff_1                           6.607744  h, n
U74                       NBUFFX2_RVT     saed32rvt_ss0p95v25c
                                                          2.033152  
U75                       AND3X1_RVT      saed32rvt_ss0p95v25c
                                                          2.287296  
U76                       NBUFFX2_RVT     saed32rvt_ss0p95v25c
                                                          2.033152  
U77                       OR2X2_RVT       saed32rvt_ss0p95v25c
                                                          2.287296  
U78                       INVX0_RVT       saed32rvt_ss0p95v25c
                                                          1.270720  
U79                       INVX0_RVT       saed32rvt_ss0p95v25c
                                                          1.270720  
U80                       INVX0_RVT       saed32rvt_ss0p95v25c
                                                          1.270720  
U81                       INVX0_RVT       saed32rvt_ss0p95v25c
                                                          1.270720  
U82                       AND3X1_RVT      saed32rvt_ss0p95v25c
                                                          2.287296  
U83                       INVX0_RVT       saed32rvt_ss0p95v25c
                                                          1.270720  
U84                       AND2X1_RVT      saed32rvt_ss0p95v25c
                                                          2.033152  
U85                       INVX0_RVT       saed32rvt_ss0p95v25c
                                                          1.270720  
U86                       INVX0_RVT       saed32rvt_ss0p95v25c
                                                          1.270720  
U87                       INVX0_RVT       saed32rvt_ss0p95v25c
                                                          1.270720  
U88                       INVX0_RVT       saed32rvt_ss0p95v25c
                                                          1.270720  
U89                       INVX0_RVT       saed32rvt_ss0p95v25c
                                                          1.270720  
U90                       OR2X1_RVT       saed32rvt_ss0p95v25c
                                                          2.033152  
U91                       AND4X1_RVT      saed32rvt_ss0p95v25c
                                                          2.541440  
U92                       AND2X1_RVT      saed32rvt_ss0p95v25c
                                                          2.033152  
U93                       INVX0_RVT       saed32rvt_ss0p95v25c
                                                          1.270720  
U94                       INVX0_RVT       saed32rvt_ss0p95v25c
                                                          1.270720  
U95                       AO21X1_RVT      saed32rvt_ss0p95v25c
                                                          2.541440  
U96                       INVX0_RVT       saed32rvt_ss0p95v25c
                                                          1.270720  
U97                       AOI21X1_RVT     saed32rvt_ss0p95v25c
                                                          3.049728  
U98                       NBUFFX2_RVT     saed32rvt_ss0p95v25c
                                                          2.033152  
U99                       NBUFFX2_RVT     saed32rvt_ss0p95v25c
                                                          2.033152  
U100                      NBUFFX2_RVT     saed32rvt_ss0p95v25c
                                                          2.033152  
U101                      AND3X1_RVT      saed32rvt_ss0p95v25c
                                                          2.287296  
U102                      IBUFFX2_RVT     saed32rvt_ss0p95v25c
                                                          2.541440  
U103                      INVX0_RVT       saed32rvt_ss0p95v25c
                                                          1.270720  
U104                      NBUFFX2_RVT     saed32rvt_ss0p95v25c
                                                          2.033152  
U105                      INVX0_RVT       saed32rvt_ss0p95v25c
                                                          1.270720  
U106                      NBUFFX2_RVT     saed32rvt_ss0p95v25c
                                                          2.033152  
U107                      AND4X2_RVT      saed32rvt_ss0p95v25c
                                                          3.812160  
U108                      INVX0_RVT       saed32rvt_ss0p95v25c
                                                          1.270720  
U109                      INVX0_RVT       saed32rvt_ss0p95v25c
                                                          1.270720  
U110                      INVX0_RVT       saed32rvt_ss0p95v25c
                                                          1.270720  
U111                      NAND4X1_RVT     saed32rvt_ss0p95v25c
                                                          3.049728  
U112                      NAND4X1_RVT     saed32rvt_ss0p95v25c
                                                          3.049728  
U113                      NBUFFX2_RVT     saed32rvt_ss0p95v25c
                                                          2.033152  
U114                      INVX0_RVT       saed32rvt_ss0p95v25c
                                                          1.270720  
U115                      INVX0_RVT       saed32rvt_ss0p95v25c
                                                          1.270720  
U116                      NBUFFX2_RVT     saed32rvt_ss0p95v25c
                                                          2.033152  
U117                      NBUFFX2_RVT     saed32rvt_ss0p95v25c
                                                          2.033152  
U118                      NBUFFX2_RVT     saed32rvt_ss0p95v25c
                                                          2.033152  
U119                      INVX0_RVT       saed32rvt_ss0p95v25c
                                                          1.270720  
U120                      INVX0_RVT       saed32rvt_ss0p95v25c
                                                          1.270720  
U121                      AND2X1_RVT      saed32rvt_ss0p95v25c
                                                          2.033152  
U122                      INVX0_RVT       saed32rvt_ss0p95v25c
                                                          1.270720  
U123                      INVX0_RVT       saed32rvt_ss0p95v25c
                                                          1.270720  
U124                      INVX0_RVT       saed32rvt_ss0p95v25c
                                                          1.270720  
U125                      NAND2X0_RVT     saed32rvt_ss0p95v25c
                                                          1.524864  
U126                      INVX0_RVT       saed32rvt_ss0p95v25c
                                                          1.270720  
U127                      NAND3X0_RVT     saed32rvt_ss0p95v25c
                                                          1.779008  
U128                      NAND2X0_RVT     saed32rvt_ss0p95v25c
                                                          1.524864  
U129                      INVX0_RVT       saed32rvt_ss0p95v25c
                                                          1.270720  
U130                      INVX0_RVT       saed32rvt_ss0p95v25c
                                                          1.270720  
U131                      INVX0_RVT       saed32rvt_ss0p95v25c
                                                          1.270720  
U132                      NAND2X0_RVT     saed32rvt_ss0p95v25c
                                                          1.524864  
U133                      NAND3X0_RVT     saed32rvt_ss0p95v25c
                                                          1.779008  
U134                      NAND3X0_RVT     saed32rvt_ss0p95v25c
                                                          1.779008  
U135                      AO22X1_RVT      saed32rvt_ss0p95v25c
                                                          2.541440  
U136                      INVX0_RVT       saed32rvt_ss0p95v25c
                                                          1.270720  
U137                      INVX0_RVT       saed32rvt_ss0p95v25c
                                                          1.270720  
U138                      NAND2X0_RVT     saed32rvt_ss0p95v25c
                                                          1.524864  
U139                      NAND2X0_RVT     saed32rvt_ss0p95v25c
                                                          1.524864  
U140                      NAND4X0_RVT     saed32rvt_ss0p95v25c
                                                          2.033152  
U141                      NAND2X0_RVT     saed32rvt_ss0p95v25c
                                                          1.524864  
U142                      NAND2X0_RVT     saed32rvt_ss0p95v25c
                                                          1.524864  
U143                      NAND2X0_RVT     saed32rvt_ss0p95v25c
                                                          1.524864  
U144                      AND2X1_RVT      saed32rvt_ss0p95v25c
                                                          2.033152  
U145                      OA22X1_RVT      saed32rvt_ss0p95v25c
                                                          2.541440  
U146                      OA22X1_RVT      saed32rvt_ss0p95v25c
                                                          2.541440  
U147                      NAND2X0_RVT     saed32rvt_ss0p95v25c
                                                          1.524864  
U148                      MUX21X1_RVT     saed32rvt_ss0p95v25c
                                                          3.303872  
U149                      OAI22X1_RVT     saed32rvt_ss0p95v25c
                                                          3.049728  
U150                      INVX0_RVT       saed32rvt_ss0p95v25c
                                                          1.270720  
U151                      NAND2X0_RVT     saed32rvt_ss0p95v25c
                                                          1.524864  
U152                      INVX0_RVT       saed32rvt_ss0p95v25c
                                                          1.270720  
U153                      NAND2X0_RVT     saed32rvt_ss0p95v25c
                                                          1.524864  
U154                      NAND2X0_RVT     saed32rvt_ss0p95v25c
                                                          1.524864  
U155                      AO221X1_RVT     saed32rvt_ss0p95v25c
                                                          3.049728  
U156                      AO221X1_RVT     saed32rvt_ss0p95v25c
                                                          3.049728  
U157                      AO21X1_RVT      saed32rvt_ss0p95v25c
                                                          2.541440  
U158                      NAND2X0_RVT     saed32rvt_ss0p95v25c
                                                          1.524864  
U159                      NAND3X0_RVT     saed32rvt_ss0p95v25c
                                                          1.779008  
U160                      NAND2X0_RVT     saed32rvt_ss0p95v25c
                                                          1.524864  
U161                      OA21X2_RVT      saed32rvt_ss0p95v25c
                                                          2.795584  
U162                      AND2X1_RVT      saed32rvt_ss0p95v25c
                                                          2.033152  
U163                      MUX21X1_RVT     saed32rvt_ss0p95v25c
                                                          3.303872  
U164                      NAND3X0_RVT     saed32rvt_ss0p95v25c
                                                          1.779008  
U165                      NAND2X0_RVT     saed32rvt_ss0p95v25c
                                                          1.524864  
U166                      NAND2X0_RVT     saed32rvt_ss0p95v25c
                                                          1.524864  
U167                      NAND3X0_RVT     saed32rvt_ss0p95v25c
                                                          1.779008  
U168                      NOR4X1_RVT      saed32rvt_ss0p95v25c
                                                          3.049728  
U169                      NAND3X0_RVT     saed32rvt_ss0p95v25c
                                                          1.779008  
U170                      NAND2X0_RVT     saed32rvt_ss0p95v25c
                                                          1.524864  
U171                      NOR2X0_RVT      saed32rvt_ss0p95v25c
                                                          2.541440  
U172                      NAND3X0_RVT     saed32rvt_ss0p95v25c
                                                          1.779008  
U173                      NAND2X0_RVT     saed32rvt_ss0p95v25c
                                                          1.524864  
U174                      NAND2X0_RVT     saed32rvt_ss0p95v25c
                                                          1.524864  
U175                      NAND4X0_RVT     saed32rvt_ss0p95v25c
                                                          2.033152  
U176                      OAI22X1_RVT     saed32rvt_ss0p95v25c
                                                          3.049728  
U177                      AND2X1_RVT      saed32rvt_ss0p95v25c
                                                          2.033152  
U178                      OA221X1_RVT     saed32rvt_ss0p95v25c
                                                          3.049728  
U179                      AND3X1_RVT      saed32rvt_ss0p95v25c
                                                          2.287296  
U180                      NAND2X0_RVT     saed32rvt_ss0p95v25c
                                                          1.524864  
U181                      NAND4X0_RVT     saed32rvt_ss0p95v25c
                                                          2.033152  
U182                      AND4X1_RVT      saed32rvt_ss0p95v25c
                                                          2.541440  
U183                      NAND3X0_RVT     saed32rvt_ss0p95v25c
                                                          1.779008  
U184                      NAND4X0_RVT     saed32rvt_ss0p95v25c
                                                          2.033152  
U185                      AO21X1_RVT      saed32rvt_ss0p95v25c
                                                          2.541440  
U186                      AND3X1_RVT      saed32rvt_ss0p95v25c
                                                          2.287296  
--------------------------------------------------------------------------------
Total 119 cells                                           252.619139
1
