Information: Propagating switching activity (low effort zero delay simulation). (PWR-6)
Warning: Design has unannotated primary inputs. (PWR-414)
Warning: Design has unannotated sequential cell outputs. (PWR-415)
 
****************************************
Report : power
        -analysis_effort low
Design : s15850
Version: M-2016.12-SP1
Date   : Thu Feb  7 19:11:26 2019
****************************************


Library(s) Used:

    saed32rvt_ss0p95v25c (File: /mnt/class_data/ecec574-w2019/PDKs/SAED32nm/lib/stdcell_rvt/db_ccs/saed32rvt_ss0p95v25c.db)


Operating Conditions: ss0p95v25c   Library: saed32rvt_ss0p95v25c
Wire Load Model Mode: enclosed

Design        Wire Load Model            Library
------------------------------------------------
s15850                 16000             saed32rvt_ss0p95v25c
dff_0                  ForQA             saed32rvt_ss0p95v25c
dff_1                  ForQA             saed32rvt_ss0p95v25c
dff_2                  ForQA             saed32rvt_ss0p95v25c
dff_3                  ForQA             saed32rvt_ss0p95v25c
dff_4                  ForQA             saed32rvt_ss0p95v25c
dff_5                  ForQA             saed32rvt_ss0p95v25c
dff_6                  ForQA             saed32rvt_ss0p95v25c
dff_7                  ForQA             saed32rvt_ss0p95v25c
dff_8                  ForQA             saed32rvt_ss0p95v25c
dff_9                  ForQA             saed32rvt_ss0p95v25c
dff_10                 ForQA             saed32rvt_ss0p95v25c
dff_11                 ForQA             saed32rvt_ss0p95v25c
dff_12                 ForQA             saed32rvt_ss0p95v25c
dff_13                 ForQA             saed32rvt_ss0p95v25c
dff_14                 ForQA             saed32rvt_ss0p95v25c
dff_15                 ForQA             saed32rvt_ss0p95v25c
dff_16                 ForQA             saed32rvt_ss0p95v25c
dff_17                 ForQA             saed32rvt_ss0p95v25c
dff_18                 ForQA             saed32rvt_ss0p95v25c
dff_19                 ForQA             saed32rvt_ss0p95v25c
dff_20                 ForQA             saed32rvt_ss0p95v25c
dff_21                 ForQA             saed32rvt_ss0p95v25c
dff_22                 ForQA             saed32rvt_ss0p95v25c
dff_23                 ForQA             saed32rvt_ss0p95v25c
dff_24                 ForQA             saed32rvt_ss0p95v25c
dff_25                 ForQA             saed32rvt_ss0p95v25c
dff_26                 ForQA             saed32rvt_ss0p95v25c
dff_27                 ForQA             saed32rvt_ss0p95v25c
dff_28                 ForQA             saed32rvt_ss0p95v25c
dff_29                 ForQA             saed32rvt_ss0p95v25c
dff_30                 ForQA             saed32rvt_ss0p95v25c
dff_31                 ForQA             saed32rvt_ss0p95v25c
dff_32                 ForQA             saed32rvt_ss0p95v25c
dff_33                 ForQA             saed32rvt_ss0p95v25c
dff_34                 ForQA             saed32rvt_ss0p95v25c
dff_35                 ForQA             saed32rvt_ss0p95v25c
dff_36                 ForQA             saed32rvt_ss0p95v25c
dff_37                 ForQA             saed32rvt_ss0p95v25c
dff_38                 ForQA             saed32rvt_ss0p95v25c
dff_39                 ForQA             saed32rvt_ss0p95v25c
dff_40                 ForQA             saed32rvt_ss0p95v25c
dff_41                 ForQA             saed32rvt_ss0p95v25c
dff_42                 ForQA             saed32rvt_ss0p95v25c
dff_43                 ForQA             saed32rvt_ss0p95v25c
dff_44                 ForQA             saed32rvt_ss0p95v25c
dff_45                 ForQA             saed32rvt_ss0p95v25c
dff_46                 ForQA             saed32rvt_ss0p95v25c
dff_47                 ForQA             saed32rvt_ss0p95v25c
dff_48                 ForQA             saed32rvt_ss0p95v25c
dff_49                 ForQA             saed32rvt_ss0p95v25c
dff_50                 ForQA             saed32rvt_ss0p95v25c
dff_51                 ForQA             saed32rvt_ss0p95v25c
dff_52                 ForQA             saed32rvt_ss0p95v25c
dff_53                 ForQA             saed32rvt_ss0p95v25c
dff_54                 ForQA             saed32rvt_ss0p95v25c
dff_55                 ForQA             saed32rvt_ss0p95v25c
dff_56                 ForQA             saed32rvt_ss0p95v25c
dff_57                 ForQA             saed32rvt_ss0p95v25c
dff_58                 ForQA             saed32rvt_ss0p95v25c
dff_59                 ForQA             saed32rvt_ss0p95v25c
dff_60                 ForQA             saed32rvt_ss0p95v25c
dff_61                 ForQA             saed32rvt_ss0p95v25c
dff_62                 ForQA             saed32rvt_ss0p95v25c
dff_63                 ForQA             saed32rvt_ss0p95v25c
dff_64                 ForQA             saed32rvt_ss0p95v25c
dff_65                 ForQA             saed32rvt_ss0p95v25c
dff_66                 ForQA             saed32rvt_ss0p95v25c
dff_67                 ForQA             saed32rvt_ss0p95v25c
dff_68                 ForQA             saed32rvt_ss0p95v25c
dff_69                 ForQA             saed32rvt_ss0p95v25c
dff_70                 ForQA             saed32rvt_ss0p95v25c
dff_71                 ForQA             saed32rvt_ss0p95v25c
dff_72                 ForQA             saed32rvt_ss0p95v25c
dff_73                 ForQA             saed32rvt_ss0p95v25c
dff_74                 ForQA             saed32rvt_ss0p95v25c
dff_75                 ForQA             saed32rvt_ss0p95v25c
dff_76                 ForQA             saed32rvt_ss0p95v25c
dff_77                 ForQA             saed32rvt_ss0p95v25c
dff_78                 ForQA             saed32rvt_ss0p95v25c
dff_79                 ForQA             saed32rvt_ss0p95v25c
dff_80                 ForQA             saed32rvt_ss0p95v25c
dff_81                 ForQA             saed32rvt_ss0p95v25c
dff_82                 ForQA             saed32rvt_ss0p95v25c
dff_83                 ForQA             saed32rvt_ss0p95v25c
dff_84                 ForQA             saed32rvt_ss0p95v25c
dff_85                 ForQA             saed32rvt_ss0p95v25c
dff_86                 ForQA             saed32rvt_ss0p95v25c
dff_87                 ForQA             saed32rvt_ss0p95v25c
dff_88                 ForQA             saed32rvt_ss0p95v25c
dff_89                 ForQA             saed32rvt_ss0p95v25c
dff_90                 ForQA             saed32rvt_ss0p95v25c
dff_91                 ForQA             saed32rvt_ss0p95v25c
dff_92                 ForQA             saed32rvt_ss0p95v25c
dff_93                 ForQA             saed32rvt_ss0p95v25c
dff_94                 ForQA             saed32rvt_ss0p95v25c
dff_95                 ForQA             saed32rvt_ss0p95v25c
dff_96                 ForQA             saed32rvt_ss0p95v25c
dff_97                 ForQA             saed32rvt_ss0p95v25c
dff_98                 ForQA             saed32rvt_ss0p95v25c
dff_99                 ForQA             saed32rvt_ss0p95v25c
dff_100                ForQA             saed32rvt_ss0p95v25c
dff_101                ForQA             saed32rvt_ss0p95v25c
dff_102                ForQA             saed32rvt_ss0p95v25c
dff_103                ForQA             saed32rvt_ss0p95v25c
dff_104                ForQA             saed32rvt_ss0p95v25c
dff_105                ForQA             saed32rvt_ss0p95v25c
dff_106                ForQA             saed32rvt_ss0p95v25c
dff_107                ForQA             saed32rvt_ss0p95v25c
dff_108                ForQA             saed32rvt_ss0p95v25c
dff_109                ForQA             saed32rvt_ss0p95v25c
dff_110                ForQA             saed32rvt_ss0p95v25c
dff_111                ForQA             saed32rvt_ss0p95v25c
dff_112                ForQA             saed32rvt_ss0p95v25c
dff_113                ForQA             saed32rvt_ss0p95v25c
dff_114                ForQA             saed32rvt_ss0p95v25c
dff_115                ForQA             saed32rvt_ss0p95v25c
dff_116                ForQA             saed32rvt_ss0p95v25c
dff_117                ForQA             saed32rvt_ss0p95v25c
dff_118                ForQA             saed32rvt_ss0p95v25c
dff_119                ForQA             saed32rvt_ss0p95v25c
dff_120                ForQA             saed32rvt_ss0p95v25c
dff_121                ForQA             saed32rvt_ss0p95v25c
dff_122                ForQA             saed32rvt_ss0p95v25c
dff_123                ForQA             saed32rvt_ss0p95v25c
dff_124                ForQA             saed32rvt_ss0p95v25c
dff_125                ForQA             saed32rvt_ss0p95v25c
dff_126                ForQA             saed32rvt_ss0p95v25c
dff_127                ForQA             saed32rvt_ss0p95v25c
dff_128                ForQA             saed32rvt_ss0p95v25c
dff_129                ForQA             saed32rvt_ss0p95v25c
dff_130                ForQA             saed32rvt_ss0p95v25c
dff_131                ForQA             saed32rvt_ss0p95v25c
dff_132                ForQA             saed32rvt_ss0p95v25c
dff_133                ForQA             saed32rvt_ss0p95v25c
dff_134                ForQA             saed32rvt_ss0p95v25c
dff_135                ForQA             saed32rvt_ss0p95v25c
dff_136                ForQA             saed32rvt_ss0p95v25c
dff_137                ForQA             saed32rvt_ss0p95v25c
dff_138                ForQA             saed32rvt_ss0p95v25c
dff_139                ForQA             saed32rvt_ss0p95v25c
dff_140                ForQA             saed32rvt_ss0p95v25c
dff_141                ForQA             saed32rvt_ss0p95v25c
dff_142                ForQA             saed32rvt_ss0p95v25c
dff_143                ForQA             saed32rvt_ss0p95v25c
dff_144                ForQA             saed32rvt_ss0p95v25c
dff_145                ForQA             saed32rvt_ss0p95v25c
dff_146                ForQA             saed32rvt_ss0p95v25c
dff_147                ForQA             saed32rvt_ss0p95v25c
dff_148                ForQA             saed32rvt_ss0p95v25c
dff_149                ForQA             saed32rvt_ss0p95v25c
dff_150                ForQA             saed32rvt_ss0p95v25c
dff_151                ForQA             saed32rvt_ss0p95v25c
dff_152                ForQA             saed32rvt_ss0p95v25c
dff_153                ForQA             saed32rvt_ss0p95v25c
dff_154                ForQA             saed32rvt_ss0p95v25c
dff_155                ForQA             saed32rvt_ss0p95v25c
dff_156                ForQA             saed32rvt_ss0p95v25c
dff_157                ForQA             saed32rvt_ss0p95v25c
dff_158                ForQA             saed32rvt_ss0p95v25c
dff_159                ForQA             saed32rvt_ss0p95v25c
dff_160                ForQA             saed32rvt_ss0p95v25c
dff_161                ForQA             saed32rvt_ss0p95v25c
dff_162                ForQA             saed32rvt_ss0p95v25c
dff_163                ForQA             saed32rvt_ss0p95v25c
dff_164                ForQA             saed32rvt_ss0p95v25c
dff_165                ForQA             saed32rvt_ss0p95v25c
dff_166                ForQA             saed32rvt_ss0p95v25c
dff_167                ForQA             saed32rvt_ss0p95v25c
dff_168                ForQA             saed32rvt_ss0p95v25c
dff_169                ForQA             saed32rvt_ss0p95v25c
dff_170                ForQA             saed32rvt_ss0p95v25c
dff_171                ForQA             saed32rvt_ss0p95v25c
dff_172                ForQA             saed32rvt_ss0p95v25c
dff_173                ForQA             saed32rvt_ss0p95v25c
dff_174                ForQA             saed32rvt_ss0p95v25c
dff_175                ForQA             saed32rvt_ss0p95v25c
dff_176                ForQA             saed32rvt_ss0p95v25c
dff_177                ForQA             saed32rvt_ss0p95v25c
dff_178                ForQA             saed32rvt_ss0p95v25c
dff_179                ForQA             saed32rvt_ss0p95v25c
dff_180                ForQA             saed32rvt_ss0p95v25c
dff_181                ForQA             saed32rvt_ss0p95v25c
dff_182                ForQA             saed32rvt_ss0p95v25c
dff_183                ForQA             saed32rvt_ss0p95v25c
dff_184                ForQA             saed32rvt_ss0p95v25c
dff_185                ForQA             saed32rvt_ss0p95v25c
dff_186                ForQA             saed32rvt_ss0p95v25c
dff_187                ForQA             saed32rvt_ss0p95v25c
dff_188                ForQA             saed32rvt_ss0p95v25c
dff_189                ForQA             saed32rvt_ss0p95v25c
dff_190                ForQA             saed32rvt_ss0p95v25c
dff_191                ForQA             saed32rvt_ss0p95v25c
dff_192                ForQA             saed32rvt_ss0p95v25c
dff_193                ForQA             saed32rvt_ss0p95v25c
dff_194                ForQA             saed32rvt_ss0p95v25c
dff_195                ForQA             saed32rvt_ss0p95v25c
dff_196                ForQA             saed32rvt_ss0p95v25c
dff_197                ForQA             saed32rvt_ss0p95v25c
dff_198                ForQA             saed32rvt_ss0p95v25c
dff_199                ForQA             saed32rvt_ss0p95v25c
dff_200                ForQA             saed32rvt_ss0p95v25c
dff_201                ForQA             saed32rvt_ss0p95v25c
dff_202                ForQA             saed32rvt_ss0p95v25c
dff_203                ForQA             saed32rvt_ss0p95v25c
dff_204                ForQA             saed32rvt_ss0p95v25c
dff_205                ForQA             saed32rvt_ss0p95v25c
dff_206                ForQA             saed32rvt_ss0p95v25c
dff_207                ForQA             saed32rvt_ss0p95v25c
dff_208                ForQA             saed32rvt_ss0p95v25c
dff_209                ForQA             saed32rvt_ss0p95v25c
dff_210                ForQA             saed32rvt_ss0p95v25c
dff_211                ForQA             saed32rvt_ss0p95v25c
dff_212                ForQA             saed32rvt_ss0p95v25c
dff_213                ForQA             saed32rvt_ss0p95v25c
dff_214                ForQA             saed32rvt_ss0p95v25c
dff_215                ForQA             saed32rvt_ss0p95v25c
dff_216                ForQA             saed32rvt_ss0p95v25c
dff_217                ForQA             saed32rvt_ss0p95v25c
dff_218                ForQA             saed32rvt_ss0p95v25c
dff_219                ForQA             saed32rvt_ss0p95v25c
dff_220                ForQA             saed32rvt_ss0p95v25c
dff_221                ForQA             saed32rvt_ss0p95v25c
dff_222                ForQA             saed32rvt_ss0p95v25c
dff_223                ForQA             saed32rvt_ss0p95v25c
dff_224                ForQA             saed32rvt_ss0p95v25c
dff_225                ForQA             saed32rvt_ss0p95v25c
dff_226                ForQA             saed32rvt_ss0p95v25c
dff_227                ForQA             saed32rvt_ss0p95v25c
dff_228                ForQA             saed32rvt_ss0p95v25c
dff_229                ForQA             saed32rvt_ss0p95v25c
dff_230                ForQA             saed32rvt_ss0p95v25c
dff_231                ForQA             saed32rvt_ss0p95v25c
dff_232                ForQA             saed32rvt_ss0p95v25c
dff_233                ForQA             saed32rvt_ss0p95v25c
dff_234                ForQA             saed32rvt_ss0p95v25c
dff_235                ForQA             saed32rvt_ss0p95v25c
dff_236                ForQA             saed32rvt_ss0p95v25c
dff_237                ForQA             saed32rvt_ss0p95v25c
dff_238                ForQA             saed32rvt_ss0p95v25c
dff_239                ForQA             saed32rvt_ss0p95v25c
dff_240                ForQA             saed32rvt_ss0p95v25c
dff_241                ForQA             saed32rvt_ss0p95v25c
dff_242                ForQA             saed32rvt_ss0p95v25c
dff_243                ForQA             saed32rvt_ss0p95v25c
dff_244                ForQA             saed32rvt_ss0p95v25c
dff_245                ForQA             saed32rvt_ss0p95v25c
dff_246                ForQA             saed32rvt_ss0p95v25c
dff_247                ForQA             saed32rvt_ss0p95v25c
dff_248                ForQA             saed32rvt_ss0p95v25c
dff_249                ForQA             saed32rvt_ss0p95v25c
dff_250                ForQA             saed32rvt_ss0p95v25c
dff_251                ForQA             saed32rvt_ss0p95v25c
dff_252                ForQA             saed32rvt_ss0p95v25c
dff_253                ForQA             saed32rvt_ss0p95v25c
dff_254                ForQA             saed32rvt_ss0p95v25c
dff_255                ForQA             saed32rvt_ss0p95v25c
dff_256                ForQA             saed32rvt_ss0p95v25c
dff_257                ForQA             saed32rvt_ss0p95v25c
dff_258                ForQA             saed32rvt_ss0p95v25c
dff_259                ForQA             saed32rvt_ss0p95v25c
dff_260                ForQA             saed32rvt_ss0p95v25c
dff_261                ForQA             saed32rvt_ss0p95v25c
dff_262                ForQA             saed32rvt_ss0p95v25c
dff_263                ForQA             saed32rvt_ss0p95v25c
dff_264                ForQA             saed32rvt_ss0p95v25c
dff_265                ForQA             saed32rvt_ss0p95v25c
dff_266                ForQA             saed32rvt_ss0p95v25c
dff_267                ForQA             saed32rvt_ss0p95v25c
dff_268                ForQA             saed32rvt_ss0p95v25c
dff_269                ForQA             saed32rvt_ss0p95v25c
dff_270                ForQA             saed32rvt_ss0p95v25c
dff_271                ForQA             saed32rvt_ss0p95v25c
dff_272                ForQA             saed32rvt_ss0p95v25c
dff_273                ForQA             saed32rvt_ss0p95v25c
dff_274                ForQA             saed32rvt_ss0p95v25c
dff_275                ForQA             saed32rvt_ss0p95v25c
dff_276                ForQA             saed32rvt_ss0p95v25c
dff_277                ForQA             saed32rvt_ss0p95v25c
dff_278                ForQA             saed32rvt_ss0p95v25c
dff_279                ForQA             saed32rvt_ss0p95v25c
dff_280                ForQA             saed32rvt_ss0p95v25c
dff_281                ForQA             saed32rvt_ss0p95v25c
dff_282                ForQA             saed32rvt_ss0p95v25c
dff_283                ForQA             saed32rvt_ss0p95v25c
dff_284                ForQA             saed32rvt_ss0p95v25c
dff_285                ForQA             saed32rvt_ss0p95v25c
dff_286                ForQA             saed32rvt_ss0p95v25c
dff_287                ForQA             saed32rvt_ss0p95v25c
dff_288                ForQA             saed32rvt_ss0p95v25c
dff_289                ForQA             saed32rvt_ss0p95v25c
dff_290                ForQA             saed32rvt_ss0p95v25c
dff_291                ForQA             saed32rvt_ss0p95v25c
dff_292                ForQA             saed32rvt_ss0p95v25c
dff_293                ForQA             saed32rvt_ss0p95v25c
dff_294                ForQA             saed32rvt_ss0p95v25c
dff_295                ForQA             saed32rvt_ss0p95v25c
dff_296                ForQA             saed32rvt_ss0p95v25c
dff_297                ForQA             saed32rvt_ss0p95v25c
dff_298                ForQA             saed32rvt_ss0p95v25c
dff_299                ForQA             saed32rvt_ss0p95v25c
dff_300                ForQA             saed32rvt_ss0p95v25c
dff_301                ForQA             saed32rvt_ss0p95v25c
dff_302                ForQA             saed32rvt_ss0p95v25c
dff_303                ForQA             saed32rvt_ss0p95v25c
dff_304                ForQA             saed32rvt_ss0p95v25c
dff_305                ForQA             saed32rvt_ss0p95v25c
dff_306                ForQA             saed32rvt_ss0p95v25c
dff_307                ForQA             saed32rvt_ss0p95v25c
dff_308                ForQA             saed32rvt_ss0p95v25c
dff_309                ForQA             saed32rvt_ss0p95v25c
dff_310                ForQA             saed32rvt_ss0p95v25c
dff_311                ForQA             saed32rvt_ss0p95v25c
dff_312                ForQA             saed32rvt_ss0p95v25c
dff_313                ForQA             saed32rvt_ss0p95v25c
dff_314                ForQA             saed32rvt_ss0p95v25c
dff_315                ForQA             saed32rvt_ss0p95v25c
dff_316                ForQA             saed32rvt_ss0p95v25c
dff_317                ForQA             saed32rvt_ss0p95v25c
dff_318                ForQA             saed32rvt_ss0p95v25c
dff_319                ForQA             saed32rvt_ss0p95v25c
dff_320                ForQA             saed32rvt_ss0p95v25c
dff_321                ForQA             saed32rvt_ss0p95v25c
dff_322                ForQA             saed32rvt_ss0p95v25c
dff_323                ForQA             saed32rvt_ss0p95v25c
dff_324                ForQA             saed32rvt_ss0p95v25c
dff_325                ForQA             saed32rvt_ss0p95v25c
dff_326                ForQA             saed32rvt_ss0p95v25c
dff_327                ForQA             saed32rvt_ss0p95v25c
dff_328                ForQA             saed32rvt_ss0p95v25c
dff_329                ForQA             saed32rvt_ss0p95v25c
dff_330                ForQA             saed32rvt_ss0p95v25c
dff_331                ForQA             saed32rvt_ss0p95v25c
dff_332                ForQA             saed32rvt_ss0p95v25c
dff_333                ForQA             saed32rvt_ss0p95v25c
dff_334                ForQA             saed32rvt_ss0p95v25c
dff_335                ForQA             saed32rvt_ss0p95v25c
dff_336                ForQA             saed32rvt_ss0p95v25c
dff_337                ForQA             saed32rvt_ss0p95v25c
dff_338                ForQA             saed32rvt_ss0p95v25c
dff_339                ForQA             saed32rvt_ss0p95v25c
dff_340                ForQA             saed32rvt_ss0p95v25c
dff_341                ForQA             saed32rvt_ss0p95v25c
dff_342                ForQA             saed32rvt_ss0p95v25c
dff_343                ForQA             saed32rvt_ss0p95v25c
dff_344                ForQA             saed32rvt_ss0p95v25c
dff_345                ForQA             saed32rvt_ss0p95v25c
dff_346                ForQA             saed32rvt_ss0p95v25c
dff_347                ForQA             saed32rvt_ss0p95v25c
dff_348                ForQA             saed32rvt_ss0p95v25c
dff_349                ForQA             saed32rvt_ss0p95v25c
dff_350                ForQA             saed32rvt_ss0p95v25c
dff_351                ForQA             saed32rvt_ss0p95v25c
dff_352                ForQA             saed32rvt_ss0p95v25c
dff_353                ForQA             saed32rvt_ss0p95v25c
dff_354                ForQA             saed32rvt_ss0p95v25c
dff_355                ForQA             saed32rvt_ss0p95v25c
dff_356                ForQA             saed32rvt_ss0p95v25c
dff_357                ForQA             saed32rvt_ss0p95v25c
dff_358                ForQA             saed32rvt_ss0p95v25c
dff_359                ForQA             saed32rvt_ss0p95v25c
dff_360                ForQA             saed32rvt_ss0p95v25c
dff_361                ForQA             saed32rvt_ss0p95v25c
dff_362                ForQA             saed32rvt_ss0p95v25c
dff_363                ForQA             saed32rvt_ss0p95v25c
dff_364                ForQA             saed32rvt_ss0p95v25c
dff_365                ForQA             saed32rvt_ss0p95v25c
dff_366                ForQA             saed32rvt_ss0p95v25c
dff_367                ForQA             saed32rvt_ss0p95v25c
dff_368                ForQA             saed32rvt_ss0p95v25c
dff_369                ForQA             saed32rvt_ss0p95v25c
dff_370                ForQA             saed32rvt_ss0p95v25c
dff_371                ForQA             saed32rvt_ss0p95v25c
dff_372                ForQA             saed32rvt_ss0p95v25c
dff_373                ForQA             saed32rvt_ss0p95v25c
dff_374                ForQA             saed32rvt_ss0p95v25c
dff_375                ForQA             saed32rvt_ss0p95v25c
dff_376                ForQA             saed32rvt_ss0p95v25c
dff_377                ForQA             saed32rvt_ss0p95v25c
dff_378                ForQA             saed32rvt_ss0p95v25c
dff_379                ForQA             saed32rvt_ss0p95v25c
dff_380                ForQA             saed32rvt_ss0p95v25c
dff_381                ForQA             saed32rvt_ss0p95v25c
dff_382                ForQA             saed32rvt_ss0p95v25c
dff_383                ForQA             saed32rvt_ss0p95v25c
dff_384                ForQA             saed32rvt_ss0p95v25c
dff_385                ForQA             saed32rvt_ss0p95v25c
dff_386                ForQA             saed32rvt_ss0p95v25c
dff_387                ForQA             saed32rvt_ss0p95v25c
dff_388                ForQA             saed32rvt_ss0p95v25c
dff_389                ForQA             saed32rvt_ss0p95v25c
dff_390                ForQA             saed32rvt_ss0p95v25c
dff_391                ForQA             saed32rvt_ss0p95v25c
dff_392                ForQA             saed32rvt_ss0p95v25c
dff_393                ForQA             saed32rvt_ss0p95v25c
dff_394                ForQA             saed32rvt_ss0p95v25c
dff_395                ForQA             saed32rvt_ss0p95v25c
dff_396                ForQA             saed32rvt_ss0p95v25c
dff_397                ForQA             saed32rvt_ss0p95v25c
dff_398                ForQA             saed32rvt_ss0p95v25c
dff_399                ForQA             saed32rvt_ss0p95v25c
dff_400                ForQA             saed32rvt_ss0p95v25c
dff_401                ForQA             saed32rvt_ss0p95v25c
dff_402                ForQA             saed32rvt_ss0p95v25c
dff_403                ForQA             saed32rvt_ss0p95v25c
dff_404                ForQA             saed32rvt_ss0p95v25c
dff_405                ForQA             saed32rvt_ss0p95v25c
dff_406                ForQA             saed32rvt_ss0p95v25c
dff_407                ForQA             saed32rvt_ss0p95v25c
dff_408                ForQA             saed32rvt_ss0p95v25c
dff_409                ForQA             saed32rvt_ss0p95v25c
dff_410                ForQA             saed32rvt_ss0p95v25c
dff_411                ForQA             saed32rvt_ss0p95v25c
dff_412                ForQA             saed32rvt_ss0p95v25c
dff_413                ForQA             saed32rvt_ss0p95v25c
dff_414                ForQA             saed32rvt_ss0p95v25c
dff_415                ForQA             saed32rvt_ss0p95v25c
dff_416                ForQA             saed32rvt_ss0p95v25c
dff_417                ForQA             saed32rvt_ss0p95v25c
dff_418                ForQA             saed32rvt_ss0p95v25c
dff_419                ForQA             saed32rvt_ss0p95v25c
dff_420                ForQA             saed32rvt_ss0p95v25c
dff_421                ForQA             saed32rvt_ss0p95v25c
dff_422                ForQA             saed32rvt_ss0p95v25c
dff_423                ForQA             saed32rvt_ss0p95v25c
dff_424                ForQA             saed32rvt_ss0p95v25c
dff_425                ForQA             saed32rvt_ss0p95v25c
dff_426                ForQA             saed32rvt_ss0p95v25c
dff_427                ForQA             saed32rvt_ss0p95v25c
dff_428                ForQA             saed32rvt_ss0p95v25c
dff_429                ForQA             saed32rvt_ss0p95v25c
dff_430                ForQA             saed32rvt_ss0p95v25c
dff_431                ForQA             saed32rvt_ss0p95v25c
dff_432                ForQA             saed32rvt_ss0p95v25c
dff_433                ForQA             saed32rvt_ss0p95v25c
dff_434                ForQA             saed32rvt_ss0p95v25c
dff_435                ForQA             saed32rvt_ss0p95v25c
dff_436                ForQA             saed32rvt_ss0p95v25c
dff_437                ForQA             saed32rvt_ss0p95v25c
dff_438                ForQA             saed32rvt_ss0p95v25c
dff_439                ForQA             saed32rvt_ss0p95v25c
dff_440                ForQA             saed32rvt_ss0p95v25c
dff_441                ForQA             saed32rvt_ss0p95v25c
dff_442                ForQA             saed32rvt_ss0p95v25c
dff_443                ForQA             saed32rvt_ss0p95v25c
dff_444                ForQA             saed32rvt_ss0p95v25c
dff_445                ForQA             saed32rvt_ss0p95v25c
dff_446                ForQA             saed32rvt_ss0p95v25c
dff_447                ForQA             saed32rvt_ss0p95v25c
dff_448                ForQA             saed32rvt_ss0p95v25c
dff_449                ForQA             saed32rvt_ss0p95v25c
dff_450                ForQA             saed32rvt_ss0p95v25c
dff_451                ForQA             saed32rvt_ss0p95v25c
dff_452                ForQA             saed32rvt_ss0p95v25c
dff_453                ForQA             saed32rvt_ss0p95v25c
dff_454                ForQA             saed32rvt_ss0p95v25c
dff_455                ForQA             saed32rvt_ss0p95v25c
dff_456                ForQA             saed32rvt_ss0p95v25c
dff_457                ForQA             saed32rvt_ss0p95v25c
dff_458                ForQA             saed32rvt_ss0p95v25c
dff_459                ForQA             saed32rvt_ss0p95v25c
dff_460                ForQA             saed32rvt_ss0p95v25c
dff_461                ForQA             saed32rvt_ss0p95v25c
dff_462                ForQA             saed32rvt_ss0p95v25c
dff_463                ForQA             saed32rvt_ss0p95v25c
dff_464                ForQA             saed32rvt_ss0p95v25c
dff_465                ForQA             saed32rvt_ss0p95v25c
dff_466                ForQA             saed32rvt_ss0p95v25c
dff_467                ForQA             saed32rvt_ss0p95v25c
dff_468                ForQA             saed32rvt_ss0p95v25c
dff_469                ForQA             saed32rvt_ss0p95v25c
dff_470                ForQA             saed32rvt_ss0p95v25c
dff_471                ForQA             saed32rvt_ss0p95v25c
dff_472                ForQA             saed32rvt_ss0p95v25c
dff_473                ForQA             saed32rvt_ss0p95v25c
dff_474                ForQA             saed32rvt_ss0p95v25c
dff_475                ForQA             saed32rvt_ss0p95v25c
dff_476                ForQA             saed32rvt_ss0p95v25c
dff_477                ForQA             saed32rvt_ss0p95v25c
dff_478                ForQA             saed32rvt_ss0p95v25c
dff_479                ForQA             saed32rvt_ss0p95v25c
dff_480                ForQA             saed32rvt_ss0p95v25c
dff_481                ForQA             saed32rvt_ss0p95v25c
dff_482                ForQA             saed32rvt_ss0p95v25c
dff_483                ForQA             saed32rvt_ss0p95v25c
dff_484                ForQA             saed32rvt_ss0p95v25c
dff_485                ForQA             saed32rvt_ss0p95v25c
dff_486                ForQA             saed32rvt_ss0p95v25c
dff_487                ForQA             saed32rvt_ss0p95v25c
dff_488                ForQA             saed32rvt_ss0p95v25c
dff_489                ForQA             saed32rvt_ss0p95v25c
dff_490                ForQA             saed32rvt_ss0p95v25c
dff_491                ForQA             saed32rvt_ss0p95v25c
dff_492                ForQA             saed32rvt_ss0p95v25c
dff_493                ForQA             saed32rvt_ss0p95v25c
dff_494                ForQA             saed32rvt_ss0p95v25c
dff_495                ForQA             saed32rvt_ss0p95v25c
dff_496                ForQA             saed32rvt_ss0p95v25c
dff_497                ForQA             saed32rvt_ss0p95v25c
dff_498                ForQA             saed32rvt_ss0p95v25c
dff_499                ForQA             saed32rvt_ss0p95v25c
dff_500                ForQA             saed32rvt_ss0p95v25c
dff_501                ForQA             saed32rvt_ss0p95v25c
dff_502                ForQA             saed32rvt_ss0p95v25c
dff_503                ForQA             saed32rvt_ss0p95v25c
dff_504                ForQA             saed32rvt_ss0p95v25c
dff_505                ForQA             saed32rvt_ss0p95v25c
dff_506                ForQA             saed32rvt_ss0p95v25c
dff_507                ForQA             saed32rvt_ss0p95v25c
dff_508                ForQA             saed32rvt_ss0p95v25c
dff_509                ForQA             saed32rvt_ss0p95v25c
dff_510                ForQA             saed32rvt_ss0p95v25c
dff_511                ForQA             saed32rvt_ss0p95v25c
dff_512                ForQA             saed32rvt_ss0p95v25c
dff_513                ForQA             saed32rvt_ss0p95v25c
dff_514                ForQA             saed32rvt_ss0p95v25c
dff_515                ForQA             saed32rvt_ss0p95v25c
dff_516                ForQA             saed32rvt_ss0p95v25c
dff_517                ForQA             saed32rvt_ss0p95v25c
dff_518                ForQA             saed32rvt_ss0p95v25c
dff_519                ForQA             saed32rvt_ss0p95v25c
dff_520                ForQA             saed32rvt_ss0p95v25c
dff_521                ForQA             saed32rvt_ss0p95v25c
dff_522                ForQA             saed32rvt_ss0p95v25c
dff_523                ForQA             saed32rvt_ss0p95v25c
dff_524                ForQA             saed32rvt_ss0p95v25c
dff_525                ForQA             saed32rvt_ss0p95v25c
dff_526                ForQA             saed32rvt_ss0p95v25c
dff_527                ForQA             saed32rvt_ss0p95v25c
dff_528                ForQA             saed32rvt_ss0p95v25c
dff_529                ForQA             saed32rvt_ss0p95v25c
dff_530                ForQA             saed32rvt_ss0p95v25c
dff_531                ForQA             saed32rvt_ss0p95v25c
dff_532                ForQA             saed32rvt_ss0p95v25c
dff_533                ForQA             saed32rvt_ss0p95v25c


Global Operating Voltage = 0.95 
Power-specific unit information :
    Voltage Units = 1V
    Capacitance Units = 1.000000ff
    Time Units = 1ns
    Dynamic Power Units = 1uW    (derived from V,C,T units)
    Leakage Power Units = 1pW


  Cell Internal Power  =   0.0000 uW    (0%)
  Net Switching Power  =  38.1745 uW  (100%)
                         ---------
Total Dynamic Power    =  38.1745 uW  (100%)

Cell Leakage Power     = 221.8080 uW


                 Internal         Switching           Leakage            Total
Power Group      Power            Power               Power              Power   (   %    )  Attrs
--------------------------------------------------------------------------------------------------
io_pad             0.0000            0.0000            0.0000            0.0000  (   0.00%)
memory             0.0000            0.0000            0.0000            0.0000  (   0.00%)
black_box          0.0000            0.0000            0.0000            0.0000  (   0.00%)
clock_network      0.0000            0.0000            0.0000            0.0000  (   0.00%)
register           0.0000           10.5429        7.5200e+07           85.7427  (  32.98%)
sequential         0.0000            0.0000            0.0000            0.0000  (   0.00%)
combinational      0.0000           27.6316        1.4661e+08          174.2398  (  67.02%)
--------------------------------------------------------------------------------------------------
Total              0.0000 uW        38.1745 uW     2.2181e+08 pW       259.9825 uW
1
